// Jest Snapshot v1, https://goo.gl/fbAQLP

exports[`ProgressCardQuery Components renders correct when there is no data 1`] = `
<View
  style={
    Object {
      "flex": 1,
      "flexDirection": "row",
      "justifyContent": "space-around",
    }
  }
  testID="ProgressCardQueryLoadingScreen"
>
  <ActivityIndicator
    animating={true}
    color="#00ff00"
    hidesWhenStopped={true}
    size="large"
  />
</View>
`;
