// Jest Snapshot v1, https://goo.gl/fbAQLP

exports[`Category List elements Component renders List element correctly 1`] = `
<View
  accessible={true}
  focusable={true}
  onClick={[Function]}
  onResponderGrant={[Function]}
  onResponderMove={[Function]}
  onResponderRelease={[Function]}
  onResponderTerminate={[Function]}
  onResponderTerminationRequest={[Function]}
  onStartShouldSetResponder={[Function]}
  style={
    Object {
      "opacity": 1,
    }
  }
>
  <View
    style={
      Array [
        Object {
          "borderRadius": 30,
          "flexDirection": "row",
          "height": 180,
          "justifyContent": "space-between",
          "marginTop": 20,
          "paddingLeft": 15,
          "paddingRight": 15,
          "paddingTop": 20,
          "width": "100%",
        },
        Object {
          "backgroundColor": undefined,
          "height": 120,
        },
      ]
    }
    testID="homescreenSet"
  >
    <View
      accessibilityIgnoresInvertColors={true}
      style={
        Object {
          "flexDirection": "row",
          "height": "100%",
          "justifyContent": "space-between",
          "width": "100%",
        }
      }
    >
      <Image
        source={1}
        style={
          Array [
            Object {
              "bottom": 0,
              "left": 0,
              "position": "absolute",
              "right": 0,
              "top": 0,
            },
            Object {
              "height": "100%",
              "width": "100%",
            },
            Object {
              "left": 100,
              "opacity": 0.3,
              "position": "absolute",
              "width": "30%",
            },
          ]
        }
      />
      <View>
        <Text
          numberOfLines={2}
          style={
            Object {
              "color": "white",
              "fontSize": 20,
              "fontWeight": "bold",
              "maxWidth": 300,
              "paddingRight": 30,
            }
          }
          testID="homescreenSetTitle"
        >
          Calculus
        </Text>
        <Text
          style={
            Object {
              "color": "white",
              "fontSize": 15,
              "opacity": 0.8,
            }
          }
        >
          0
           Sets
        </Text>
      </View>
      <View>
        <Text />
      </View>
    </View>
  </View>
</View>
`;
